<?xml version="1.0" encoding="utf-8"?><testsuites><testsuite name="pytest" errors="0" failures="0" skipped="0" tests="33" time="3.059" timestamp="2025-03-25T03:16:14.507329+03:00" hostname="COSMAS-PC"><testcase classname="tests.utils.tests.test_config_test" name="test_test_directories" time="0.330" /><testcase classname="tests.utils.tests.test_config_test" name="test_database_settings" time="0.015" /><testcase classname="tests.utils.tests.test_config_test" name="test_redis_settings" time="0.127" /><testcase classname="tests.utils.tests.test_config_test" name="test_test_data_settings" time="0.080" /><testcase classname="tests.utils.tests.test_config_test" name="test_mock_settings" time="0.019" /><testcase classname="tests.utils.tests.test_config_test" name="test_environment_variables" time="0.012" /><testcase classname="tests.utils.tests.test_config_test" name="test_report_settings" time="0.021" /><testcase classname="tests.utils.tests.test_config_test" name="test_timeouts" time="0.031" /><testcase classname="tests.utils.tests.test_config_test" name="test_retries" time="0.016" /><testcase classname="tests.utils.tests.test_config_test" name="test_get_test_settings" time="0.012" /><testcase classname="tests.utils.tests.test_config_test" name="test_setup_environment" time="0.033" /><testcase classname="tests.utils.tests.test_config_test" name="test_cleanup_environment" time="0.030" /><testcase classname="tests.utils.tests.test_data_test" name="test_crypto_price_schema" time="0.008" /><testcase classname="tests.utils.tests.test_data_test" name="test_document_schema" time="0.017" /><testcase classname="tests.utils.tests.test_data_test" name="test_campaign_schema" time="0.011" /><testcase classname="tests.utils.tests.test_data_test" name="test_user_schema" time="0.012" /><testcase classname="tests.utils.tests.test_data_test" name="test_test_data_validation" time="0.012" /><testcase classname="tests.utils.tests.test_data_test" name="test_date_formatting" time="0.010" /><testcase classname="tests.utils.tests.test_db_utils" name="test_db_config" time="0.009" /><testcase classname="tests.utils.tests.test_db_utils" name="test_redis_config" time="0.007" /><testcase classname="tests.utils.tests.test_db_utils" name="test_test_config" time="0.019" /><testcase classname="tests.utils.tests.test_db_utils" name="test_timeout_config" time="0.029" /><testcase classname="tests.utils.tests.test_db_utils" name="test_retry_config" time="0.015" /><testcase classname="tests.utils.tests.test_db_utils" name="test_load_db_config" time="0.078" /><testcase classname="tests.utils.tests.test_db_utils" name="test_get_db_url" time="0.025" /><testcase classname="tests.utils.tests.test_db_utils" name="test_get_redis_url" time="0.032" /><testcase classname="tests.utils.tests.test_db_utils" name="test_get_test_config" time="0.028" /><testcase classname="tests.utils.tests.test_db_utils" name="test_get_timeout_config" time="0.017" /><testcase classname="tests.utils.tests.test_db_utils" name="test_get_retry_config" time="0.031" /><testcase classname="tests.utils.tests.test_helpers_test" name="test_generate_random_string" time="0.023" /><testcase classname="tests.utils.tests.test_helpers_test" name="test_generate_test_token" time="0.022" /><testcase classname="tests.utils.tests.test_helpers_test" name="test_mock_db" time="0.012" /><testcase classname="tests.utils.tests.test_helpers_test" name="test_mock_redis" time="0.012" /></testsuite></testsuites>